// Jest Snapshot v1, https://goo.gl/fbAQLP

exports[`renders correctly 1`] = `
<RNCSafeAreaProvider
  onInsetsChange={[Function]}
  style={
    Array [
      Object {
        "flex": 1,
      },
      undefined,
    ]
  }
>
  <RNSScreenStack
    style={
      Object {
        "flex": 1,
      }
    }
  >
    <RNSScreen
      collapsable={false}
      forwardedRef={[Function]}
      onAppear={[Function]}
      onDisappear={[Function]}
      onDismissed={[Function]}
      onTransitionProgress={[Function]}
      onWillDisappear={[Function]}
      replaceAnimation="push"
      stackPresentation="push"
      style={
        Object {
          "bottom": 0,
          "left": 0,
          "position": "absolute",
          "right": 0,
          "top": 0,
        }
      }
    >
      <RNSScreenStackHeaderConfig
        backButtonInCustomView={false}
        backgroundColor="rgb(255, 255, 255)"
        color="rgb(0, 122, 255)"
        direction="ltr"
        disableBackButtonMenu={false}
        hidden={true}
        hideBackButton={false}
        largeTitleHideShadow={false}
        title="Login"
        titleColor="rgb(28, 28, 30)"
        topInsetEnabled={false}
        translucent={false}
      />
      <View
        style={
          Array [
            Object {
              "flex": 1,
            },
            Object {
              "backgroundColor": "rgb(242, 242, 242)",
            },
            undefined,
          ]
        }
      >
        <View
          style={
            Object {
              "backgroundColor": "#2f3641",
              "flex": 1,
            }
          }
        >
          <Text
            style={
              Object {
                "alignSelf": "center",
                "color": "#ec2059",
                "fontSize": 25,
                "fontWeight": "bold",
                "padding": 40,
              }
            }
          >
            Login
          </Text>
          <RCTSafeAreaView
            emulateUnlessSupported={true}
            style={
              Object {
                "padding": 20,
              }
            }
          >
            <TextInput
              onChangeText={[Function]}
              placeholder="Username"
              style={
                Object {
                  "backgroundColor": "#fff",
                  "borderRadius": 5,
                  "borderWidth": 1,
                  "height": 40,
                  "margin": 12,
                  "padding": 10,
                }
              }
              value=""
            />
            <TextInput
              onChangeText={[Function]}
              placeholder="Password"
              secureTextEntry={true}
              style={
                Object {
                  "backgroundColor": "#fff",
                  "borderRadius": 5,
                  "borderWidth": 1,
                  "height": 40,
                  "margin": 12,
                  "padding": 10,
                }
              }
              value=""
            />
            <View
              style={
                Object {
                  "paddingHorizontal": 135,
                  "paddingTop": 25,
                }
              }
            >
              <View
                accessibilityRole="button"
                accessible={true}
                collapsable={false}
                focusable={true}
                onClick={[Function]}
                onResponderGrant={[Function]}
                onResponderMove={[Function]}
                onResponderRelease={[Function]}
                onResponderTerminate={[Function]}
                onResponderTerminationRequest={[Function]}
                onStartShouldSetResponder={[Function]}
                style={
                  Object {
                    "opacity": 1,
                  }
                }
              >
                <View
                  style={
                    Array [
                      Object {},
                    ]
                  }
                >
                  <Text
                    style={
                      Array [
                        Object {
                          "color": "#007AFF",
                          "fontSize": 18,
                          "margin": 8,
                          "textAlign": "center",
                        },
                        Object {
                          "color": "#ec2059",
                        },
                      ]
                    }
                  >
                    login
                  </Text>
                </View>
              </View>
            </View>
          </RCTSafeAreaView>
        </View>
      </View>
    </RNSScreen>
  </RNSScreenStack>
</RNCSafeAreaProvider>
`;
